  Page 1                                    Wed Apr 22 14:47:44 2026

  ******************************************************************
  *                           E P A N E T                          *
  *                   Hydraulic and Water Quality                  *
  *                   Analysis for Pipe Networks                   *
  *                          Version 2.3.04                        *
  ******************************************************************
  
  Processing MSX input file arsenic_contamination.msx
  
  Analysis begun Wed Apr 22 14:47:45 2026

   
  Hydraulic Status:
  -----------------------------------------------------------------------
     0:00:00: Balanced after 5 trials
     0:00:00: Reservoir 9 is emptying
     0:00:00: Tank 2 is filling at 36.58 m
   
     0:30:00: Balanced after 2 trials
   
     0:39:54: Pump 9 changed by Tank 2 control
     0:39:54: Balanced after 4 trials
     0:39:54: Reservoir 9 is closed
     0:39:54: Tank 2 is emptying at 42.67 m
     0:39:54: Pump 9 changed from open to closed
   
     1:00:00: Balanced after 2 trials
   
     1:30:00: Balanced after 2 trials
   
     2:00:00: Balanced after 2 trials
   
     2:30:00: Balanced after 2 trials
   
     3:00:00: Balanced after 2 trials
   
     3:30:00: Balanced after 2 trials
   
     4:00:00: Balanced after 2 trials
   
     4:30:00: Balanced after 2 trials
   
     5:00:00: Balanced after 2 trials
   
     5:30:00: Balanced after 2 trials
   
     6:00:00: Balanced after 2 trials
   
     6:30:00: Balanced after 2 trials
   
     7:00:00: Balanced after 2 trials
   
     7:30:00: Balanced after 2 trials
   
     8:00:00: Balanced after 2 trials
   
     8:30:00: Balanced after 2 trials
   
     9:00:00: Balanced after 2 trials
   
     9:30:00: Balanced after 2 trials
   
    10:00:00: Balanced after 2 trials
   
    10:00:56: Pump 9 changed by Tank 2 control
    10:00:56: Balanced after 11 trials
    10:00:56: Reservoir 9 is emptying
    10:00:56: Tank 2 is filling at 33.53 m
    10:00:56: Pump 9 changed from closed to open
   
    10:30:00: Balanced after 2 trials
   
    11:00:00: Balanced after 2 trials
   
    11:07:16: Pump 9 changed by Tank 2 control
    11:07:16: Balanced after 4 trials
    11:07:16: Reservoir 9 is closed
    11:07:16: Tank 2 is emptying at 42.67 m
    11:07:16: Pump 9 changed from open to closed
   
    11:30:00: Balanced after 2 trials
   
    12:00:00: Balanced after 2 trials
   
    12:30:00: Balanced after 2 trials
   
    13:00:00: Balanced after 2 trials
   
    13:30:00: Balanced after 2 trials
   
    14:00:00: Balanced after 2 trials
   
    14:30:00: Balanced after 2 trials
   
    15:00:00: Balanced after 2 trials
   
    15:30:00: Balanced after 2 trials
   
    16:00:00: Balanced after 2 trials
   
    16:30:00: Balanced after 2 trials
   
    17:00:00: Balanced after 2 trials
   
    17:30:00: Balanced after 2 trials
   
    17:43:05: Pump 9 changed by Tank 2 control
    17:43:05: Balanced after 15 trials
    17:43:05: Reservoir 9 is emptying
    17:43:05: Tank 2 is filling at 33.53 m
    17:43:05: Pump 9 changed from closed to open
   
    18:00:00: Balanced after 2 trials
   
    18:30:00: Balanced after 2 trials
   
    18:46:05: Pump 9 changed by Tank 2 control
    18:46:05: Balanced after 4 trials
    18:46:05: Reservoir 9 is closed
    18:46:05: Tank 2 is emptying at 42.67 m
    18:46:05: Pump 9 changed from open to closed
   
    19:00:00: Balanced after 2 trials
   
    19:30:00: Balanced after 2 trials
   
    20:00:00: Balanced after 2 trials
   
    20:30:00: Balanced after 2 trials
   
    21:00:00: Balanced after 2 trials
   
    21:30:00: Balanced after 2 trials
   
    22:00:00: Balanced after 2 trials
   
    22:30:00: Balanced after 2 trials
   
    23:00:00: Balanced after 2 trials
   
    23:30:00: Balanced after 2 trials
   
    24:00:00: Balanced after 2 trials
   
    24:30:00: Balanced after 2 trials
   
    25:00:00: Balanced after 2 trials
   
    25:30:00: Balanced after 2 trials
   
    26:00:00: Balanced after 2 trials
   
    26:30:00: Balanced after 2 trials
   
    27:00:00: Balanced after 2 trials
   
    27:30:00: Balanced after 2 trials
   
    27:35:11: Pump 9 changed by Tank 2 control
    27:35:11: Balanced after 10 trials
    27:35:11: Reservoir 9 is emptying
    27:35:11: Tank 2 is filling at 33.53 m
    27:35:11: Pump 9 changed from closed to open
   
    28:00:00: Balanced after 2 trials
   
    28:30:00: Balanced after 2 trials
   
    28:33:50: Pump 9 changed by Tank 2 control
    28:33:50: Balanced after 4 trials
    28:33:50: Reservoir 9 is closed
    28:33:50: Tank 2 is emptying at 42.67 m
    28:33:50: Pump 9 changed from open to closed
   
    29:00:00: Balanced after 2 trials
   
    29:30:00: Balanced after 2 trials
   
    30:00:00: Balanced after 2 trials
   
    30:30:00: Balanced after 2 trials
   
    31:00:00: Balanced after 2 trials
   
    31:30:00: Balanced after 2 trials
   
    32:00:00: Balanced after 2 trials
   
    32:30:00: Balanced after 2 trials
   
    33:00:00: Balanced after 2 trials
   
    33:30:00: Balanced after 2 trials
   
    34:00:00: Balanced after 2 trials
   
    34:30:00: Balanced after 2 trials
   
    35:00:00: Balanced after 2 trials
   
    35:26:54: Pump 9 changed by Tank 2 control
    35:26:54: Balanced after 11 trials
    35:26:54: Reservoir 9 is emptying
    35:26:54: Tank 2 is filling at 33.53 m
    35:26:54: Pump 9 changed from closed to open
   
    35:30:00: Balanced after 2 trials
   
    36:00:00: Balanced after 2 trials
   
    36:30:00: Balanced after 2 trials
   
    36:31:51: Pump 9 changed by Tank 2 control
    36:31:51: Balanced after 4 trials
    36:31:51: Reservoir 9 is closed
    36:31:51: Tank 2 is emptying at 42.67 m
    36:31:51: Pump 9 changed from open to closed
   
    37:00:00: Balanced after 2 trials
   
    37:30:00: Balanced after 2 trials
   
    38:00:00: Balanced after 2 trials
   
    38:30:00: Balanced after 2 trials
   
    39:00:00: Balanced after 2 trials
   
    39:30:00: Balanced after 2 trials
   
    40:00:00: Balanced after 2 trials
   
    40:30:00: Balanced after 2 trials
   
    41:00:00: Balanced after 2 trials
   
    41:30:00: Balanced after 2 trials
   
    42:00:00: Balanced after 2 trials
   
    42:30:00: Balanced after 2 trials
   
    43:00:00: Balanced after 2 trials
   
    43:18:15: Pump 9 changed by Tank 2 control
    43:18:15: Balanced after 11 trials
    43:18:15: Reservoir 9 is emptying
    43:18:15: Tank 2 is filling at 33.53 m
    43:18:15: Pump 9 changed from closed to open
   
    43:30:00: Balanced after 2 trials
   
    44:00:00: Balanced after 2 trials
   
    44:22:28: Pump 9 changed by Tank 2 control
    44:22:28: Balanced after 4 trials
    44:22:28: Reservoir 9 is closed
    44:22:28: Tank 2 is emptying at 42.67 m
    44:22:28: Pump 9 changed from open to closed
   
    44:30:00: Balanced after 2 trials
   
    45:00:00: Balanced after 2 trials
   
    45:30:00: Balanced after 3 trials
   
    46:00:00: Balanced after 2 trials
   
    46:30:00: Balanced after 2 trials
   
    47:00:00: Balanced after 2 trials
   
    47:30:00: Balanced after 2 trials
   
    48:00:00: Balanced after 2 trials
   
    48:30:00: Balanced after 2 trials
   
    49:00:00: Balanced after 2 trials
   
    49:30:00: Balanced after 2 trials
   
    50:00:00: Balanced after 2 trials
   
    50:30:00: Balanced after 2 trials
   
    51:00:00: Balanced after 2 trials
   
    51:30:00: Balanced after 2 trials
   
    52:00:00: Balanced after 2 trials
   
    52:30:00: Balanced after 2 trials
   
    53:00:00: Balanced after 2 trials
   
    53:30:00: Balanced after 2 trials
   
    54:00:00: Balanced after 2 trials
   
    54:23:39: Pump 9 changed by Tank 2 control
    54:23:39: Balanced after 15 trials
    54:23:39: Reservoir 9 is emptying
    54:23:39: Tank 2 is filling at 33.53 m
    54:23:39: Pump 9 changed from closed to open
   
    54:30:00: Balanced after 2 trials
   
    55:00:00: Balanced after 2 trials
   
    55:26:14: Pump 9 changed by Tank 2 control
    55:26:14: Balanced after 4 trials
    55:26:14: Reservoir 9 is closed
    55:26:14: Tank 2 is emptying at 42.67 m
    55:26:14: Pump 9 changed from open to closed
   
    55:30:00: Balanced after 2 trials
   
    56:00:00: Balanced after 2 trials
   
    56:30:00: Balanced after 2 trials
   
    57:00:00: Balanced after 2 trials
   
    57:30:00: Balanced after 2 trials
   
    58:00:00: Balanced after 2 trials
   
    58:30:00: Balanced after 2 trials
   
    59:00:00: Balanced after 2 trials
   
    59:30:00: Balanced after 2 trials
   
    60:00:00: Balanced after 2 trials
   
    60:30:00: Balanced after 2 trials
   
    61:00:00: Balanced after 2 trials
   
    61:05:36: Pump 9 changed by Tank 2 control
    61:05:36: Balanced after 11 trials
    61:05:36: Reservoir 9 is emptying
    61:05:36: Tank 2 is filling at 33.53 m
    61:05:36: Pump 9 changed from closed to open
   
    61:30:00: Balanced after 2 trials
   
    62:00:00: Balanced after 2 trials
   
    62:09:44: Pump 9 changed by Tank 2 control
    62:09:44: Balanced after 4 trials
    62:09:44: Reservoir 9 is closed
    62:09:44: Tank 2 is emptying at 42.67 m
    62:09:44: Pump 9 changed from open to closed
   
    62:30:00: Balanced after 2 trials
   
    63:00:00: Balanced after 2 trials
   
    63:30:00: Balanced after 2 trials
   
    64:00:00: Balanced after 2 trials
   
    64:30:00: Balanced after 2 trials
   
    65:00:00: Balanced after 2 trials
   
    65:30:00: Balanced after 2 trials
   
    66:00:00: Balanced after 2 trials
   
    66:30:00: Balanced after 2 trials
   
    67:00:00: Balanced after 2 trials
   
    67:30:00: Balanced after 2 trials
   
    68:00:00: Balanced after 2 trials
   
    68:30:00: Balanced after 2 trials
   
    68:41:36: Pump 9 changed by Tank 2 control
    68:41:36: Balanced after 11 trials
    68:41:36: Reservoir 9 is emptying
    68:41:36: Tank 2 is filling at 33.53 m
    68:41:36: Pump 9 changed from closed to open
   
    69:00:00: Balanced after 2 trials
   
    69:30:00: Balanced after 2 trials
   
    69:45:25: Pump 9 changed by Tank 2 control
    69:45:25: Balanced after 4 trials
    69:45:25: Reservoir 9 is closed
    69:45:25: Tank 2 is emptying at 42.67 m
    69:45:25: Pump 9 changed from open to closed
   
    70:00:00: Balanced after 2 trials
   
    70:30:00: Balanced after 2 trials
   
    71:00:00: Balanced after 2 trials
   
    71:30:00: Balanced after 2 trials
   
    72:00:00: Balanced after 2 trials
   
    72:30:00: Balanced after 2 trials
   
    73:00:00: Balanced after 2 trials
   
    73:30:00: Balanced after 2 trials
   
    74:00:00: Balanced after 2 trials
   
    74:30:00: Balanced after 2 trials
   
    75:00:00: Balanced after 2 trials
   
    75:30:00: Balanced after 2 trials
   
    76:00:00: Balanced after 2 trials
   
    76:30:00: Balanced after 2 trials
   
    77:00:00: Balanced after 2 trials
   
    77:30:00: Balanced after 2 trials
   
    78:00:00: Balanced after 2 trials
   
    78:30:00: Balanced after 2 trials
   
    79:00:00: Balanced after 2 trials
   
    79:30:00: Balanced after 2 trials
   
    79:55:21: Pump 9 changed by Tank 2 control
    79:55:21: Balanced after 11 trials
    79:55:21: Reservoir 9 is emptying
    79:55:21: Tank 2 is filling at 33.53 m
    79:55:21: Pump 9 changed from closed to open
   
    80:00:00: Balanced after 2 trials
   
    80:30:00: Balanced after 2 trials
   
    81:00:00: Balanced after 2 trials
   
    81:00:22: Pump 9 changed by Tank 2 control
    81:00:22: Balanced after 4 trials
    81:00:22: Reservoir 9 is closed
    81:00:22: Tank 2 is emptying at 42.67 m
    81:00:22: Pump 9 changed from open to closed
   
    81:30:00: Balanced after 2 trials
   
    82:00:00: Balanced after 2 trials
   
    82:30:00: Balanced after 2 trials
   
    83:00:00: Balanced after 2 trials
   
    83:30:00: Balanced after 2 trials
   
    84:00:00: Balanced after 2 trials
   
    84:30:00: Balanced after 2 trials
   
    85:00:00: Balanced after 2 trials
   
    85:30:00: Balanced after 2 trials
   
    86:00:00: Balanced after 2 trials
   
    86:30:00: Balanced after 2 trials
   
    86:59:12: Pump 9 changed by Tank 2 control
    86:59:12: Balanced after 15 trials
    86:59:12: Reservoir 9 is emptying
    86:59:12: Tank 2 is filling at 33.53 m
    86:59:12: Pump 9 changed from closed to open
   
    87:00:00: Balanced after 2 trials
   
    87:30:00: Balanced after 2 trials
   
    88:00:00: Balanced after 2 trials
   
    88:02:02: Pump 9 changed by Tank 2 control
    88:02:02: Balanced after 4 trials
    88:02:02: Reservoir 9 is closed
    88:02:02: Tank 2 is emptying at 42.67 m
    88:02:02: Pump 9 changed from open to closed
   
    88:30:00: Balanced after 2 trials
   
    89:00:00: Balanced after 2 trials
   
    89:30:00: Balanced after 2 trials
   
    90:00:00: Balanced after 2 trials
   
    90:30:00: Balanced after 2 trials
   
    91:00:00: Balanced after 2 trials
   
    91:30:00: Balanced after 2 trials
   
    92:00:00: Balanced after 2 trials
   
    92:30:00: Balanced after 2 trials
   
    93:00:00: Balanced after 2 trials
   
    93:30:00: Balanced after 2 trials
   
    94:00:00: Balanced after 2 trials
   
    94:30:00: Balanced after 2 trials
   
    94:36:56: Pump 9 changed by Tank 2 control
    94:36:56: Balanced after 26 trials
    94:36:56: Reservoir 9 is emptying
    94:36:56: Tank 2 is filling at 33.53 m
    94:36:56: Pump 9 changed from closed to open
   
    95:00:00: Balanced after 2 trials
   
    95:30:00: Balanced after 2 trials
   
    95:38:53: Pump 9 changed by Tank 2 control
    95:38:53: Balanced after 4 trials
    95:38:53: Reservoir 9 is closed
    95:38:53: Tank 2 is emptying at 42.67 m
    95:38:53: Pump 9 changed from open to closed
   
    96:00:00: Balanced after 2 trials
   
    96:30:00: Balanced after 2 trials
   
    97:00:00: Balanced after 2 trials
   
    97:30:00: Balanced after 2 trials
   
    98:00:00: Balanced after 2 trials
   
    98:30:00: Balanced after 2 trials
   
    99:00:00: Balanced after 2 trials
   
    99:30:00: Balanced after 2 trials
   
   100:00:00: Balanced after 2 trials
   
   100:30:00: Balanced after 2 trials
   
   101:00:00: Balanced after 2 trials
   
   101:30:00: Balanced after 2 trials
   
   102:00:00: Balanced after 2 trials
   
   102:30:00: Balanced after 2 trials
   
   103:00:00: Balanced after 2 trials
   
   103:30:00: Balanced after 2 trials
   
   104:00:00: Balanced after 2 trials
   
   104:30:00: Balanced after 2 trials
   
   104:48:23: Pump 9 changed by Tank 2 control
   104:48:23: Balanced after 11 trials
   104:48:23: Reservoir 9 is emptying
   104:48:23: Tank 2 is filling at 33.53 m
   104:48:23: Pump 9 changed from closed to open
   
   105:00:00: Balanced after 2 trials
   
   105:30:00: Balanced after 2 trials
   
   105:55:37: Pump 9 changed by Tank 2 control
   105:55:37: Balanced after 4 trials
   105:55:37: Reservoir 9 is closed
   105:55:37: Tank 2 is emptying at 42.67 m
   105:55:37: Pump 9 changed from open to closed
   
   106:00:00: Balanced after 2 trials
   
   106:30:00: Balanced after 2 trials
   
   107:00:00: Balanced after 2 trials
   
   107:30:00: Balanced after 2 trials
   
   108:00:00: Balanced after 2 trials
   
   108:30:00: Balanced after 2 trials
   
   109:00:00: Balanced after 2 trials
   
   109:30:00: Balanced after 2 trials
   
   110:00:00: Balanced after 2 trials
   
   110:30:00: Balanced after 2 trials
   
   111:00:00: Balanced after 2 trials
   
   111:28:54: Pump 9 changed by Tank 2 control
   111:28:54: Balanced after 11 trials
   111:28:54: Reservoir 9 is emptying
   111:28:54: Tank 2 is filling at 33.53 m
   111:28:54: Pump 9 changed from closed to open
   
   111:30:00: Balanced after 2 trials
   
   112:00:00: Balanced after 2 trials
   
   112:30:00: Balanced after 2 trials
   
   112:32:19: Pump 9 changed by Tank 2 control
   112:32:19: Balanced after 4 trials
   112:32:19: Reservoir 9 is closed
   112:32:19: Tank 2 is emptying at 42.67 m
   112:32:19: Pump 9 changed from open to closed
   
   113:00:00: Balanced after 2 trials
   
   113:30:00: Balanced after 2 trials
   
   114:00:00: Balanced after 2 trials
   
   114:30:00: Balanced after 2 trials
   
   115:00:00: Balanced after 2 trials
   
   115:30:00: Balanced after 2 trials
   
   116:00:00: Balanced after 2 trials
   
   116:30:00: Balanced after 2 trials
   
   117:00:00: Balanced after 2 trials
   
   117:30:00: Balanced after 2 trials
   
   118:00:00: Balanced after 2 trials
   
   118:30:00: Balanced after 2 trials
   
   119:00:00: Balanced after 2 trials
   
   119:10:12: Pump 9 changed by Tank 2 control
   119:10:12: Balanced after 15 trials
   119:10:12: Reservoir 9 is emptying
   119:10:12: Tank 2 is filling at 33.53 m
   119:10:12: Pump 9 changed from closed to open
   
   119:30:00: Balanced after 2 trials
   
   120:00:00: Balanced after 2 trials
   
   120:11:34: Pump 9 changed by Tank 2 control
   120:11:34: Balanced after 4 trials
   120:11:34: Reservoir 9 is closed
   120:11:34: Tank 2 is emptying at 42.67 m
   120:11:34: Pump 9 changed from open to closed
   
   120:30:00: Balanced after 2 trials
   
   121:00:00: Balanced after 2 trials
   
   121:30:00: Balanced after 2 trials
   
   122:00:00: Balanced after 2 trials
   
   122:30:00: Balanced after 2 trials
   
   123:00:00: Balanced after 2 trials
   
   123:30:00: Balanced after 2 trials
   
   124:00:00: Balanced after 2 trials
   
   124:30:00: Balanced after 2 trials
   
   125:00:00: Balanced after 2 trials
   
   125:30:00: Balanced after 2 trials
   
   126:00:00: Balanced after 2 trials
   
   126:30:00: Balanced after 2 trials
   
   127:00:00: Balanced after 2 trials
   
   127:30:00: Balanced after 2 trials
   
   128:00:00: Balanced after 2 trials
   
   128:30:00: Balanced after 2 trials
   
   129:00:00: Balanced after 2 trials
   
   129:30:00: Balanced after 2 trials
   
   130:00:00: Balanced after 2 trials
   
   130:02:37: Pump 9 changed by Tank 2 control
   130:02:37: Balanced after 11 trials
   130:02:37: Reservoir 9 is emptying
   130:02:37: Tank 2 is filling at 33.53 m
   130:02:37: Pump 9 changed from closed to open
   
   130:30:00: Balanced after 2 trials
   
   131:00:00: Balanced after 2 trials
   
   131:07:26: Pump 9 changed by Tank 2 control
   131:07:26: Balanced after 4 trials
   131:07:26: Reservoir 9 is closed
   131:07:26: Tank 2 is emptying at 42.67 m
   131:07:26: Pump 9 changed from open to closed
   
   131:30:00: Balanced after 2 trials
   
   132:00:00: Balanced after 2 trials
   
   132:30:00: Balanced after 2 trials
   
   133:00:00: Balanced after 2 trials
   
   133:30:00: Balanced after 2 trials
   
   134:00:00: Balanced after 2 trials
   
   134:30:00: Balanced after 2 trials
   
   135:00:00: Balanced after 2 trials
   
   135:30:00: Balanced after 2 trials
   
   136:00:00: Balanced after 2 trials
   
   136:30:00: Balanced after 2 trials
   
   137:00:00: Balanced after 2 trials
   
   137:15:06: Pump 9 changed by Tank 2 control
   137:15:06: Balanced after 11 trials
   137:15:06: Reservoir 9 is emptying
   137:15:06: Tank 2 is filling at 33.53 m
   137:15:06: Pump 9 changed from closed to open
   
   137:30:00: Balanced after 2 trials
   
   138:00:00: Balanced after 2 trials
   
   138:19:01: Pump 9 changed by Tank 2 control
   138:19:01: Balanced after 4 trials
   138:19:01: Reservoir 9 is closed
   138:19:01: Tank 2 is emptying at 42.67 m
   138:19:01: Pump 9 changed from open to closed
   
   138:30:00: Balanced after 2 trials
   
   139:00:00: Balanced after 2 trials
   
   139:30:00: Balanced after 2 trials
   
   140:00:00: Balanced after 2 trials
   
   140:30:00: Balanced after 2 trials
   
   141:00:00: Balanced after 2 trials
   
   141:30:00: Balanced after 2 trials
   
   142:00:00: Balanced after 2 trials
   
   142:30:00: Balanced after 2 trials
   
   143:00:00: Balanced after 2 trials
   
   143:30:00: Balanced after 2 trials
   
   144:00:00: Balanced after 2 trials
   
   144:30:00: Balanced after 2 trials
   
   145:00:00: Balanced after 2 trials
   
   145:30:00: Balanced after 2 trials
   
   146:00:00: Balanced after 2 trials
   
   146:30:00: Balanced after 2 trials
   
   147:00:00: Balanced after 2 trials
   
   147:07:50: Pump 9 changed by Tank 2 control
   147:07:50: Balanced after 10 trials
   147:07:50: Reservoir 9 is emptying
   147:07:50: Tank 2 is filling at 33.53 m
   147:07:50: Pump 9 changed from closed to open
   
   147:30:00: Balanced after 2 trials
   
   148:00:00: Balanced after 2 trials
   
   148:06:22: Pump 9 changed by Tank 2 control
   148:06:22: Balanced after 4 trials
   148:06:22: Reservoir 9 is closed
   148:06:22: Tank 2 is emptying at 42.67 m
   148:06:22: Pump 9 changed from open to closed
   
   148:30:00: Balanced after 2 trials
   
   149:00:00: Balanced after 2 trials
   
   149:30:00: Balanced after 2 trials
   
   150:00:00: Balanced after 2 trials
   
   150:30:00: Balanced after 2 trials
   
   151:00:00: Balanced after 2 trials
   
   151:30:00: Balanced after 2 trials
   
   152:00:00: Balanced after 2 trials
   
   152:30:00: Balanced after 2 trials
   
   153:00:00: Balanced after 2 trials
   
   153:30:00: Balanced after 2 trials
   
   154:00:00: Balanced after 2 trials
   
   154:30:00: Balanced after 2 trials
   
   155:00:00: Balanced after 2 trials
   
   155:30:00: Balanced after 2 trials
   
   156:00:00: Balanced after 2 trials
   
   156:30:00: Balanced after 2 trials
   
   156:39:02: Pump 9 changed by Tank 2 control
   156:39:02: Balanced after 11 trials
   156:39:02: Reservoir 9 is emptying
   156:39:02: Tank 2 is filling at 33.53 m
   156:39:02: Pump 9 changed from closed to open
   
   157:00:00: Balanced after 2 trials
   
   157:30:00: Balanced after 2 trials
   
   157:42:51: Pump 9 changed by Tank 2 control
   157:42:51: Balanced after 4 trials
   157:42:51: Reservoir 9 is closed
   157:42:51: Tank 2 is emptying at 42.67 m
   157:42:51: Pump 9 changed from open to closed
   
   158:00:00: Balanced after 2 trials
   
   158:30:00: Balanced after 2 trials
   
   159:00:00: Balanced after 2 trials
   
   159:30:00: Balanced after 2 trials
   
   160:00:00: Balanced after 2 trials
   
   160:30:00: Balanced after 2 trials
   
   161:00:00: Balanced after 2 trials
   
   161:30:00: Balanced after 2 trials
   
   162:00:00: Balanced after 2 trials
   
   162:30:00: Balanced after 2 trials
   
   163:00:00: Balanced after 2 trials
   
   163:30:00: Balanced after 2 trials
   
   164:00:00: Balanced after 2 trials
   
   164:30:00: Balanced after 2 trials
   
   164:39:40: Pump 9 changed by Tank 2 control
   164:39:40: Balanced after 11 trials
   164:39:40: Reservoir 9 is emptying
   164:39:40: Tank 2 is filling at 33.53 m
   164:39:40: Pump 9 changed from closed to open
   
   165:00:00: Balanced after 2 trials
   
   165:30:00: Balanced after 2 trials
   
   165:42:35: Pump 9 changed by Tank 2 control
   165:42:35: Balanced after 4 trials
   165:42:35: Reservoir 9 is closed
   165:42:35: Tank 2 is emptying at 42.67 m
   165:42:35: Pump 9 changed from open to closed
   
   166:00:00: Balanced after 2 trials
   
   166:30:00: Balanced after 2 trials
   
   167:00:00: Balanced after 2 trials
   
   167:30:00: Balanced after 2 trials
   
   168:00:00: Balanced after 2 trials
   
   168:30:00: Balanced after 2 trials
   
   169:00:00: Balanced after 2 trials
   
   169:30:00: Balanced after 2 trials
   
   170:00:00: Balanced after 2 trials
   
   170:30:00: Balanced after 2 trials
   
   171:00:00: Balanced after 2 trials
   
   171:30:00: Balanced after 2 trials
   
   172:00:00: Balanced after 2 trials
   
   172:30:00: Balanced after 2 trials
   
   173:00:00: Balanced after 2 trials
   
   173:30:00: Balanced after 2 trials
   
   174:00:00: Balanced after 2 trials
   
   174:30:00: Balanced after 2 trials
   
   175:00:00: Balanced after 2 trials
   
   175:30:00: Balanced after 2 trials
   
   176:00:00: Balanced after 2 trials
   
   176:08:18: Pump 9 changed by Tank 2 control
   176:08:18: Balanced after 11 trials
   176:08:18: Reservoir 9 is emptying
   176:08:18: Tank 2 is filling at 33.53 m
   176:08:18: Pump 9 changed from closed to open
   
   176:30:00: Balanced after 2 trials
   
   177:00:00: Balanced after 2 trials
   
   177:13:30: Pump 9 changed by Tank 2 control
   177:13:30: Balanced after 4 trials
   177:13:30: Reservoir 9 is closed
   177:13:30: Tank 2 is emptying at 42.67 m
   177:13:30: Pump 9 changed from open to closed
   
   177:30:00: Balanced after 2 trials
   
   178:00:00: Balanced after 2 trials
   
   178:30:00: Balanced after 2 trials
   
   179:00:00: Balanced after 2 trials
   
   179:30:00: Balanced after 2 trials
   
   180:00:00: Balanced after 2 trials
   
   180:30:00: Balanced after 2 trials
   
   181:00:00: Balanced after 2 trials
   
   181:30:00: Balanced after 2 trials
   
   182:00:00: Balanced after 2 trials
   
   182:30:00: Balanced after 2 trials
   
   182:54:28: Pump 9 changed by Tank 2 control
   182:54:28: Balanced after 14 trials
   182:54:28: Reservoir 9 is emptying
   182:54:28: Tank 2 is filling at 33.53 m
   182:54:28: Pump 9 changed from closed to open
   
   183:00:00: Balanced after 2 trials
   
   183:30:00: Balanced after 2 trials
   
   183:57:00: Pump 9 changed by Tank 2 control
   183:57:00: Balanced after 4 trials
   183:57:00: Reservoir 9 is closed
   183:57:00: Tank 2 is emptying at 42.67 m
   183:57:00: Pump 9 changed from open to closed
   
   184:00:00: Balanced after 2 trials
   
   184:30:00: Balanced after 2 trials
   
   185:00:00: Balanced after 2 trials
   
   185:30:00: Balanced after 2 trials
   
   186:00:00: Balanced after 2 trials
   
   186:30:00: Balanced after 2 trials
   
   187:00:00: Balanced after 2 trials
   
   187:30:00: Balanced after 2 trials
   
   188:00:00: Balanced after 2 trials
   
   188:30:00: Balanced after 2 trials
   
   189:00:00: Balanced after 2 trials
   
   189:30:00: Balanced after 2 trials
   
   190:00:00: Balanced after 2 trials
   
   190:30:00: Balanced after 2 trials
   
   190:44:39: Pump 9 changed by Tank 2 control
   190:44:39: Balanced after 28 trials
   190:44:39: Reservoir 9 is emptying
   190:44:39: Tank 2 is filling at 33.53 m
   190:44:39: Pump 9 changed from closed to open
   
   191:00:00: Balanced after 2 trials
   
   191:30:00: Balanced after 2 trials
   
   191:46:19: Pump 9 changed by Tank 2 control
   191:46:19: Balanced after 4 trials
   191:46:19: Reservoir 9 is closed
   191:46:19: Tank 2 is emptying at 42.67 m
   191:46:19: Pump 9 changed from open to closed
   
   192:00:00: Balanced after 2 trials
   
   192:30:00: Balanced after 2 trials
   
   193:00:00: Balanced after 2 trials
   
   193:30:00: Balanced after 2 trials
   
   194:00:00: Balanced after 2 trials
   
   194:30:00: Balanced after 2 trials
   
   195:00:00: Balanced after 2 trials
   
   195:30:00: Balanced after 2 trials
   
   196:00:00: Balanced after 2 trials
   
   196:30:00: Balanced after 2 trials
   
   197:00:00: Balanced after 2 trials
   
   197:30:00: Balanced after 2 trials
   
   198:00:00: Balanced after 2 trials
   
   198:30:00: Balanced after 2 trials
   
   199:00:00: Balanced after 2 trials
   
   199:30:00: Balanced after 2 trials
   
   200:00:00: Balanced after 2 trials
   
   200:30:00: Balanced after 2 trials
   
   201:00:00: Balanced after 2 trials
   
   201:27:26: Pump 9 changed by Tank 2 control
   201:27:26: Balanced after 11 trials
   201:27:26: Reservoir 9 is emptying
   201:27:26: Tank 2 is filling at 33.53 m
   201:27:26: Pump 9 changed from closed to open
   
   201:30:00: Balanced after 2 trials
   
   202:00:00: Balanced after 2 trials
   
   202:30:00: Balanced after 2 trials
   
   202:32:40: Pump 9 changed by Tank 2 control
   202:32:40: Balanced after 4 trials
   202:32:40: Reservoir 9 is closed
   202:32:40: Tank 2 is emptying at 42.67 m
   202:32:40: Pump 9 changed from open to closed
   
   203:00:00: Balanced after 2 trials
   
   203:30:00: Balanced after 2 trials
   
   204:00:00: Balanced after 2 trials
   
   204:30:00: Balanced after 2 trials
   
   205:00:00: Balanced after 2 trials
   
   205:30:00: Balanced after 2 trials
   
   206:00:00: Balanced after 2 trials
   
   206:30:00: Balanced after 2 trials
   
   207:00:00: Balanced after 2 trials
   
   207:30:00: Balanced after 2 trials
   
   208:00:00: Balanced after 2 trials
   
   208:30:00: Balanced after 2 trials
   
   208:51:05: Pump 9 changed by Tank 2 control
   208:51:05: Balanced after 15 trials
   208:51:05: Reservoir 9 is emptying
   208:51:05: Tank 2 is filling at 33.53 m
   208:51:05: Pump 9 changed from closed to open
   
   209:00:00: Balanced after 2 trials
   
   209:30:00: Balanced after 2 trials
   
   209:54:10: Pump 9 changed by Tank 2 control
   209:54:10: Balanced after 4 trials
   209:54:10: Reservoir 9 is closed
   209:54:10: Tank 2 is emptying at 42.67 m
   209:54:10: Pump 9 changed from open to closed
   
   210:00:00: Balanced after 2 trials
   
   210:30:00: Balanced after 2 trials
   
   211:00:00: Balanced after 2 trials
   
   211:30:00: Balanced after 2 trials
   
   212:00:00: Balanced after 2 trials
   
   212:30:00: Balanced after 2 trials
   
   213:00:00: Balanced after 2 trials
   
   213:30:00: Balanced after 2 trials
   
   214:00:00: Balanced after 2 trials
   
   214:30:00: Balanced after 2 trials
   
   215:00:00: Balanced after 2 trials
   
   215:30:00: Balanced after 2 trials
   
   216:00:00: Balanced after 2 trials
   
   216:30:00: Balanced after 2 trials
   
   216:59:08: Pump 9 changed by Tank 2 control
   216:59:08: Balanced after 10 trials
   216:59:08: Reservoir 9 is emptying
   216:59:08: Tank 2 is filling at 33.53 m
   216:59:08: Pump 9 changed from closed to open
   
   217:00:00: Balanced after 2 trials
   
   217:30:00: Balanced after 2 trials
   
   217:57:55: Pump 9 changed by Tank 2 control
   217:57:55: Balanced after 4 trials
   217:57:55: Reservoir 9 is closed
   217:57:55: Tank 2 is emptying at 42.67 m
   217:57:55: Pump 9 changed from open to closed
   
   218:00:00: Balanced after 2 trials
   
   218:30:00: Balanced after 2 trials
   
   219:00:00: Balanced after 2 trials
   
   219:30:00: Balanced after 2 trials
   
   220:00:00: Balanced after 2 trials
   
   220:30:00: Balanced after 2 trials
   
   221:00:00: Balanced after 2 trials
   
   221:30:00: Balanced after 2 trials
   
   222:00:00: Balanced after 2 trials
   
   222:30:00: Balanced after 2 trials
   
   223:00:00: Balanced after 2 trials
   
   223:30:00: Balanced after 2 trials
   
   224:00:00: Balanced after 2 trials
   
   224:30:00: Balanced after 2 trials
   
   225:00:00: Balanced after 2 trials
   
   225:30:00: Balanced after 2 trials
   
   226:00:00: Balanced after 2 trials
   
   226:22:04: Pump 9 changed by Tank 2 control
   226:22:04: Balanced after 11 trials
   226:22:04: Reservoir 9 is emptying
   226:22:04: Tank 2 is filling at 33.53 m
   226:22:04: Pump 9 changed from closed to open
   
   226:30:00: Balanced after 2 trials
   
   227:00:00: Balanced after 2 trials
   
   227:27:49: Pump 9 changed by Tank 2 control
   227:27:49: Balanced after 4 trials
   227:27:49: Reservoir 9 is closed
   227:27:49: Tank 2 is emptying at 42.67 m
   227:27:49: Pump 9 changed from open to closed
   
   227:30:00: Balanced after 2 trials
   
   228:00:00: Balanced after 2 trials
   
   228:30:00: Balanced after 2 trials
   
   229:00:00: Balanced after 2 trials
   
   229:30:00: Balanced after 2 trials
   
   230:00:00: Balanced after 2 trials
   
   230:30:00: Balanced after 2 trials
   
   231:00:00: Balanced after 2 trials
   
   231:30:00: Balanced after 2 trials
   
   232:00:00: Balanced after 2 trials
   
   232:30:00: Balanced after 2 trials
   
   233:00:00: Balanced after 2 trials
   
   233:30:00: Balanced after 2 trials
   
   233:45:13: Pump 9 changed by Tank 2 control
   233:45:13: Balanced after 11 trials
   233:45:13: Reservoir 9 is emptying
   233:45:13: Tank 2 is filling at 33.53 m
   233:45:13: Pump 9 changed from closed to open
   
   234:00:00: Balanced after 2 trials
   
   234:30:00: Balanced after 2 trials
   
   234:49:07: Pump 9 changed by Tank 2 control
   234:49:07: Balanced after 4 trials
   234:49:07: Reservoir 9 is closed
   234:49:07: Tank 2 is emptying at 42.67 m
   234:49:07: Pump 9 changed from open to closed
   
   235:00:00: Balanced after 2 trials
   
   235:30:00: Balanced after 2 trials
   
   236:00:00: Balanced after 2 trials
   
   236:30:00: Balanced after 2 trials
   
   237:00:00: Balanced after 2 trials
   
   237:30:00: Balanced after 2 trials
   
   238:00:00: Balanced after 2 trials
   
   238:30:00: Balanced after 2 trials
   
   239:00:00: Balanced after 2 trials
   
   239:30:00: Balanced after 2 trials
   
   240:00:00: Balanced after 2 trials
   
   240:30:00: Balanced after 2 trials
   
   241:00:00: Balanced after 2 trials
   
   241:30:00: Balanced after 2 trials
   
   242:00:00: Balanced after 2 trials
   
   242:30:00: Balanced after 2 trials
   
   243:00:00: Balanced after 2 trials
   
   243:08:00: Pump 9 changed by Tank 2 control
   243:08:00: Balanced after 10 trials
   243:08:00: Reservoir 9 is emptying
   243:08:00: Tank 2 is filling at 33.53 m
   243:08:00: Pump 9 changed from closed to open
   
   243:30:00: Balanced after 2 trials
   
   244:00:00: Balanced after 2 trials
   
   244:06:35: Pump 9 changed by Tank 2 control
   244:06:35: Balanced after 4 trials
   244:06:35: Reservoir 9 is closed
   244:06:35: Tank 2 is emptying at 42.67 m
   244:06:35: Pump 9 changed from open to closed
   
   244:30:00: Balanced after 2 trials
   
   245:00:00: Balanced after 2 trials
   
   245:30:00: Balanced after 2 trials
   
   246:00:00: Balanced after 2 trials
   
   246:30:00: Balanced after 2 trials
   
   247:00:00: Balanced after 2 trials
   
   247:30:00: Balanced after 2 trials
   
   248:00:00: Balanced after 2 trials
   
   248:30:00: Balanced after 2 trials
   
   249:00:00: Balanced after 2 trials
   
   249:30:00: Balanced after 2 trials
   
   250:00:00: Balanced after 2 trials
   
   250:30:00: Balanced after 2 trials
   
   251:00:00: Balanced after 2 trials
   
   251:02:46: Pump 9 changed by Tank 2 control
   251:02:46: Balanced after 11 trials
   251:02:46: Reservoir 9 is emptying
   251:02:46: Tank 2 is filling at 33.53 m
   251:02:46: Pump 9 changed from closed to open
   
   251:30:00: Balanced after 2 trials
   
   252:00:00: Balanced after 2 trials
   
   252:07:48: Pump 9 changed by Tank 2 control
   252:07:48: Balanced after 4 trials
   252:07:48: Reservoir 9 is closed
   252:07:48: Tank 2 is emptying at 42.67 m
   252:07:48: Pump 9 changed from open to closed
   
   252:30:00: Balanced after 2 trials
   
   253:00:00: Balanced after 2 trials
   
   253:30:00: Balanced after 2 trials
   
   254:00:00: Balanced after 2 trials
   
   254:30:00: Balanced after 2 trials
   
   255:00:00: Balanced after 2 trials
   
   255:30:00: Balanced after 2 trials
   
   256:00:00: Balanced after 2 trials
   
   256:30:00: Balanced after 2 trials
   
   257:00:00: Balanced after 2 trials
   
   257:30:00: Balanced after 2 trials
   
   258:00:00: Balanced after 2 trials
   
   258:30:00: Balanced after 2 trials
   
   258:42:09: Pump 9 changed by Tank 2 control
   258:42:09: Balanced after 11 trials
   258:42:09: Reservoir 9 is emptying
   258:42:09: Tank 2 is filling at 33.53 m
   258:42:09: Pump 9 changed from closed to open
   
   259:00:00: Balanced after 2 trials
   
   259:30:00: Balanced after 2 trials
   
   259:46:19: Pump 9 changed by Tank 2 control
   259:46:19: Balanced after 4 trials
   259:46:19: Reservoir 9 is closed
   259:46:19: Tank 2 is emptying at 42.67 m
   259:46:19: Pump 9 changed from open to closed
   
   260:00:00: Balanced after 2 trials
   
   260:30:00: Balanced after 2 trials
   
   261:00:00: Balanced after 2 trials
   
   261:30:00: Balanced after 2 trials
   
   262:00:00: Balanced after 2 trials
   
   262:30:00: Balanced after 2 trials
   
   263:00:00: Balanced after 2 trials
   
   263:30:00: Balanced after 2 trials
   
   264:00:00: Balanced after 2 trials
   
   264:30:00: Balanced after 2 trials
   
   265:00:00: Balanced after 2 trials
   
   265:30:00: Balanced after 2 trials
   
   266:00:00: Balanced after 2 trials
   
   266:30:00: Balanced after 2 trials
   
   267:00:00: Balanced after 2 trials
   
   267:30:00: Balanced after 2 trials
   
   268:00:00: Balanced after 2 trials
   
   268:30:00: Balanced after 2 trials
   
   269:00:00: Balanced after 2 trials
   
   269:02:30: Pump 9 changed by Tank 2 control
   269:02:30: Balanced after 11 trials
   269:02:30: Reservoir 9 is emptying
   269:02:30: Tank 2 is filling at 33.53 m
   269:02:30: Pump 9 changed from closed to open
   
   269:30:00: Balanced after 2 trials
   
   270:00:00: Balanced after 2 trials
   
   270:03:40: Pump 9 changed by Tank 2 control
   270:03:40: Balanced after 4 trials
   270:03:40: Reservoir 9 is closed
   270:03:40: Tank 2 is emptying at 42.67 m
   270:03:40: Pump 9 changed from open to closed
   
   270:30:00: Balanced after 2 trials
   
   271:00:00: Balanced after 2 trials
   
   271:30:00: Balanced after 2 trials
   
   272:00:00: Balanced after 2 trials
   
   272:30:00: Balanced after 2 trials
   
   273:00:00: Balanced after 2 trials
   
   273:30:00: Balanced after 2 trials
   
   274:00:00: Balanced after 2 trials
   
   274:30:00: Balanced after 2 trials
   
   275:00:00: Balanced after 2 trials
   
   275:22:02: Pump 9 changed by Tank 2 control
   275:22:02: Balanced after 11 trials
   275:22:02: Reservoir 9 is emptying
   275:22:02: Tank 2 is filling at 33.53 m
   275:22:02: Pump 9 changed from closed to open
   
   275:30:00: Balanced after 2 trials
   
   276:00:00: Balanced after 2 trials
   
   276:28:16: Pump 9 changed by Tank 2 control
   276:28:16: Balanced after 4 trials
   276:28:16: Reservoir 9 is closed
   276:28:16: Tank 2 is emptying at 42.67 m
   276:28:16: Pump 9 changed from open to closed
   
   276:30:00: Balanced after 2 trials
   
   277:00:00: Balanced after 2 trials
   
   277:30:00: Balanced after 2 trials
   
   278:00:00: Balanced after 2 trials
   
   278:30:00: Balanced after 2 trials
   
   279:00:00: Balanced after 2 trials
   
   279:30:00: Balanced after 2 trials
   
   280:00:00: Balanced after 2 trials
   
   280:30:00: Balanced after 2 trials
   
   281:00:00: Balanced after 2 trials
   
   281:30:00: Balanced after 2 trials
   
   282:00:00: Balanced after 2 trials
   
   282:30:00: Balanced after 2 trials
   
   282:40:03: Pump 9 changed by Tank 2 control
   282:40:03: Balanced after 11 trials
   282:40:03: Reservoir 9 is emptying
   282:40:03: Tank 2 is filling at 33.53 m
   282:40:03: Pump 9 changed from closed to open
   
   283:00:00: Balanced after 2 trials
   
   283:30:00: Balanced after 2 trials
   
   283:44:05: Pump 9 changed by Tank 2 control
   283:44:05: Balanced after 4 trials
   283:44:05: Reservoir 9 is closed
   283:44:05: Tank 2 is emptying at 42.67 m
   283:44:05: Pump 9 changed from open to closed
   
   284:00:00: Balanced after 2 trials
   
   284:30:00: Balanced after 2 trials
   
   285:00:00: Balanced after 2 trials
   
   285:30:00: Balanced after 2 trials
   
   286:00:00: Balanced after 2 trials
   
   286:30:00: Balanced after 2 trials
   
   287:00:00: Balanced after 2 trials
   
   287:30:00: Balanced after 2 trials
   
   288:00:00: Balanced after 2 trials
   
   288:30:00: Balanced after 2 trials
   
   289:00:00: Balanced after 2 trials
   
   289:30:00: Balanced after 2 trials
   
   290:00:00: Balanced after 2 trials
   
   290:30:00: Balanced after 2 trials
   
   291:00:00: Balanced after 2 trials
   
   291:30:00: Balanced after 2 trials
   
   292:00:00: Balanced after 2 trials
   
   292:30:00: Balanced after 2 trials
   
   293:00:00: Balanced after 2 trials
   
   293:01:30: Pump 9 changed by Tank 2 control
   293:01:30: Balanced after 10 trials
   293:01:30: Reservoir 9 is emptying
   293:01:30: Tank 2 is filling at 33.53 m
   293:01:30: Pump 9 changed from closed to open
   
   293:30:00: Balanced after 2 trials
   
   294:00:00: Balanced after 2 trials
   
   294:01:13: Pump 9 changed by Tank 2 control
   294:01:13: Balanced after 4 trials
   294:01:13: Reservoir 9 is closed
   294:01:13: Tank 2 is emptying at 42.67 m
   294:01:13: Pump 9 changed from open to closed
   
   294:30:00: Balanced after 2 trials
   
   295:00:00: Balanced after 2 trials
   
   295:30:00: Balanced after 2 trials
   
   296:00:00: Balanced after 2 trials
   
   296:30:00: Balanced after 2 trials
   
   297:00:00: Balanced after 2 trials
   
   297:30:00: Balanced after 2 trials
   
   298:00:00: Balanced after 2 trials
   
   298:30:00: Balanced after 2 trials
   
   299:00:00: Balanced after 2 trials
   
   299:30:00: Balanced after 2 trials
   
   300:00:00: Balanced after 2 trials
   
   300:30:00: Balanced after 2 trials
   
   300:31:57: Pump 9 changed by Tank 2 control
   300:31:57: Balanced after 11 trials
   300:31:57: Reservoir 9 is emptying
   300:31:57: Tank 2 is filling at 33.53 m
   300:31:57: Pump 9 changed from closed to open
   
   301:00:00: Balanced after 2 trials
   
   301:30:00: Balanced after 2 trials
   
   301:36:24: Pump 9 changed by Tank 2 control
   301:36:24: Balanced after 4 trials
   301:36:24: Reservoir 9 is closed
   301:36:24: Tank 2 is emptying at 42.67 m
   301:36:24: Pump 9 changed from open to closed
   
   302:00:00: Balanced after 2 trials
   
   302:30:00: Balanced after 2 trials
   
   303:00:00: Balanced after 2 trials
   
   303:30:00: Balanced after 2 trials
   
   304:00:00: Balanced after 2 trials
   
   304:30:00: Balanced after 2 trials
   
   305:00:00: Balanced after 2 trials
   
   305:30:00: Balanced after 2 trials
   
   306:00:00: Balanced after 2 trials
   
   306:30:00: Balanced after 2 trials
   
   307:00:00: Balanced after 2 trials
   
   307:30:00: Balanced after 2 trials
   
   307:56:43: Pump 9 changed by Tank 2 control
   307:56:43: Balanced after 11 trials
   307:56:43: Reservoir 9 is emptying
   307:56:43: Tank 2 is filling at 33.53 m
   307:56:43: Pump 9 changed from closed to open
   
   308:00:00: Balanced after 2 trials
   
   308:30:00: Balanced after 2 trials
   
   308:59:49: Pump 9 changed by Tank 2 control
   308:59:49: Balanced after 4 trials
   308:59:49: Reservoir 9 is closed
   308:59:49: Tank 2 is emptying at 42.67 m
   308:59:49: Pump 9 changed from open to closed
   
   309:00:00: Balanced after 2 trials
   
   309:30:00: Balanced after 2 trials
   
   310:00:00: Balanced after 2 trials
   
   310:30:00: Balanced after 2 trials
   
   311:00:00: Balanced after 2 trials
   
   311:30:00: Balanced after 2 trials
   
   312:00:00: Balanced after 2 trials
   
   312:30:00: Balanced after 2 trials
   
   313:00:00: Balanced after 2 trials
   
   313:30:00: Balanced after 2 trials
   
   314:00:00: Balanced after 2 trials
   
   314:30:00: Balanced after 2 trials
   
   315:00:00: Balanced after 2 trials
   
   315:30:00: Balanced after 2 trials
   
   316:00:00: Balanced after 2 trials
   
   316:30:00: Balanced after 2 trials
   
   317:00:00: Balanced after 2 trials
   
   317:30:00: Balanced after 2 trials
   
   318:00:00: Balanced after 2 trials
   
   318:30:00: Balanced after 2 trials
   
   319:00:00: Balanced after 2 trials
   
   319:30:00: Balanced after 2 trials
   
   320:00:00: Balanced after 2 trials
   
   320:02:03: Pump 9 changed by Tank 2 control
   320:02:03: Balanced after 15 trials
   320:02:03: Reservoir 9 is emptying
   320:02:03: Tank 2 is filling at 33.53 m
   320:02:03: Pump 9 changed from closed to open
   
   320:30:00: Balanced after 2 trials
   
   321:00:00: Balanced after 2 trials
   
   321:04:08: Pump 9 changed by Tank 2 control
   321:04:08: Balanced after 4 trials
   321:04:08: Reservoir 9 is closed
   321:04:08: Tank 2 is emptying at 42.67 m
   321:04:08: Pump 9 changed from open to closed
   
   321:30:00: Balanced after 2 trials
   
   322:00:00: Balanced after 2 trials
   
   322:30:00: Balanced after 2 trials
   
   323:00:00: Balanced after 2 trials
   
   323:30:00: Balanced after 2 trials
   
   324:00:00: Balanced after 2 trials
   
   324:30:00: Balanced after 2 trials
   
   325:00:00: Balanced after 2 trials
   
   325:30:00: Balanced after 2 trials
   
   326:00:00: Balanced after 2 trials
   
   326:30:00: Balanced after 2 trials
   
   327:00:00: Balanced after 2 trials
   
   327:30:00: Balanced after 2 trials
   
   327:31:44: Pump 9 changed by Tank 2 control
   327:31:44: Balanced after 14 trials
   327:31:44: Reservoir 9 is emptying
   327:31:44: Tank 2 is filling at 33.53 m
   327:31:44: Pump 9 changed from closed to open
   
   328:00:00: Balanced after 2 trials
   
   328:30:00: Balanced after 2 trials
   
   328:34:39: Pump 9 changed by Tank 2 control
   328:34:39: Balanced after 4 trials
   328:34:39: Reservoir 9 is closed
   328:34:39: Tank 2 is emptying at 42.67 m
   328:34:39: Pump 9 changed from open to closed
   
   329:00:00: Balanced after 2 trials
   
   329:30:00: Balanced after 2 trials
   
   330:00:00: Balanced after 2 trials
   
   330:30:00: Balanced after 2 trials
   
   331:00:00: Balanced after 2 trials
   
   331:30:00: Balanced after 2 trials
   
   332:00:00: Balanced after 2 trials
   
   332:30:00: Balanced after 2 trials
   
   333:00:00: Balanced after 2 trials
   
   333:30:00: Balanced after 2 trials
   
   334:00:00: Balanced after 2 trials
   
   334:30:00: Balanced after 2 trials
   
   335:00:00: Balanced after 2 trials
   
   335:30:00: Balanced after 2 trials
   
   335:36:44: Pump 9 changed by Tank 2 control
   335:36:44: Balanced after 10 trials
   335:36:44: Reservoir 9 is emptying
   335:36:44: Tank 2 is filling at 33.53 m
   335:36:44: Pump 9 changed from closed to open
   
   336:00:00: Balanced after 2 trials
   
   336:30:00: Balanced after 2 trials
   
   336:36:48: Pump 9 changed by Tank 2 control
   336:36:48: Balanced after 4 trials
   336:36:48: Reservoir 9 is closed
   336:36:48: Tank 2 is emptying at 42.67 m
   336:36:48: Pump 9 changed from open to closed
   
   337:00:00: Balanced after 2 trials
   
   337:30:00: Balanced after 2 trials
   
   338:00:00: Balanced after 2 trials
   
   338:30:00: Balanced after 2 trials
   
   339:00:00: Balanced after 2 trials
   
   339:30:00: Balanced after 2 trials
   
   340:00:00: Balanced after 2 trials
   
   340:30:00: Balanced after 2 trials
   
   341:00:00: Balanced after 2 trials
   
   341:30:00: Balanced after 2 trials
   
   342:00:00: Balanced after 2 trials
   
   342:30:00: Balanced after 2 trials
   
   343:00:00: Balanced after 2 trials
   
   343:30:00: Balanced after 2 trials
   
   344:00:00: Balanced after 2 trials
   
   344:30:00: Balanced after 2 trials
   
   345:00:00: Balanced after 2 trials
   
   345:30:00: Balanced after 2 trials
   
   345:48:30: Pump 9 changed by Tank 2 control
   345:48:30: Balanced after 11 trials
   345:48:30: Reservoir 9 is emptying
   345:48:30: Tank 2 is filling at 33.53 m
   345:48:30: Pump 9 changed from closed to open
   
   346:00:00: Balanced after 2 trials
   
   346:30:00: Balanced after 2 trials
   
   346:55:08: Pump 9 changed by Tank 2 control
   346:55:08: Balanced after 4 trials
   346:55:08: Reservoir 9 is closed
   346:55:08: Tank 2 is emptying at 42.67 m
   346:55:08: Pump 9 changed from open to closed
   
   347:00:00: Balanced after 2 trials
   
   347:30:00: Balanced after 2 trials
   
   348:00:00: Balanced after 2 trials
   
   348:30:00: Balanced after 2 trials
   
   349:00:00: Balanced after 2 trials
   
   349:30:00: Balanced after 2 trials
   
   350:00:00: Balanced after 2 trials
   
   350:30:00: Balanced after 2 trials
   
   351:00:00: Balanced after 2 trials
   
   351:30:00: Balanced after 2 trials
   
   352:00:00: Balanced after 2 trials
   
   352:30:00: Balanced after 2 trials
   
   353:00:00: Balanced after 2 trials
   
   353:15:15: Pump 9 changed by Tank 2 control
   353:15:15: Balanced after 28 trials
   353:15:15: Reservoir 9 is emptying
   353:15:15: Tank 2 is filling at 33.53 m
   353:15:15: Pump 9 changed from closed to open
   
   353:30:00: Balanced after 2 trials
   
   354:00:00: Balanced after 2 trials
   
   354:18:22: Pump 9 changed by Tank 2 control
   354:18:22: Balanced after 4 trials
   354:18:22: Reservoir 9 is closed
   354:18:22: Tank 2 is emptying at 42.67 m
   354:18:22: Pump 9 changed from open to closed
   
   354:30:00: Balanced after 2 trials
   
   355:00:00: Balanced after 2 trials
   
   355:30:00: Balanced after 2 trials
   
   356:00:00: Balanced after 2 trials
   
   356:30:00: Balanced after 2 trials
   
   357:00:00: Balanced after 2 trials
   
   357:30:00: Balanced after 2 trials
   
   358:00:00: Balanced after 2 trials
   
   358:30:00: Balanced after 2 trials
   
   359:00:00: Balanced after 2 trials
   
   359:30:00: Balanced after 2 trials
   
   360:00:00: Balanced after 2 trials
   
   360:30:00: Balanced after 2 trials
   
   361:00:00: Balanced after 2 trials
   
   361:30:00: Balanced after 2 trials
   
   361:48:11: Pump 9 changed by Tank 2 control
   361:48:11: Balanced after 10 trials
   361:48:11: Reservoir 9 is emptying
   361:48:11: Tank 2 is filling at 33.53 m
   361:48:11: Pump 9 changed from closed to open
   
   362:00:00: Balanced after 2 trials
   
   362:30:00: Balanced after 2 trials
   
   362:46:44: Pump 9 changed by Tank 2 control
   362:46:44: Balanced after 4 trials
   362:46:44: Reservoir 9 is closed
   362:46:44: Tank 2 is emptying at 42.67 m
   362:46:44: Pump 9 changed from open to closed
   
   363:00:00: Balanced after 2 trials
   
   363:30:00: Balanced after 2 trials
   
   364:00:00: Balanced after 2 trials
   
   364:30:00: Balanced after 2 trials
   
   365:00:00: Balanced after 2 trials
   
   365:30:00: Balanced after 2 trials
   
   366:00:00: Balanced after 2 trials
   
   366:30:00: Balanced after 2 trials
   
   367:00:00: Balanced after 2 trials
   
   367:30:00: Balanced after 2 trials
   
   368:00:00: Balanced after 2 trials
   
   368:30:00: Balanced after 2 trials
   
   369:00:00: Balanced after 2 trials
   
   369:30:00: Balanced after 2 trials
   
   370:00:00: Balanced after 2 trials
   
   370:30:00: Balanced after 2 trials
   
   370:40:46: Pump 9 changed by Tank 2 control
   370:40:46: Balanced after 11 trials
   370:40:46: Reservoir 9 is emptying
   370:40:46: Tank 2 is filling at 33.53 m
   370:40:46: Pump 9 changed from closed to open
   
   371:00:00: Balanced after 2 trials
   
   371:30:00: Balanced after 2 trials
   
   371:46:22: Pump 9 changed by Tank 2 control
   371:46:22: Balanced after 4 trials
   371:46:22: Reservoir 9 is closed
   371:46:22: Tank 2 is emptying at 42.67 m
   371:46:22: Pump 9 changed from open to closed
   
   372:00:00: Balanced after 2 trials
   
   372:30:00: Balanced after 2 trials
   
   373:00:00: Balanced after 2 trials
   
   373:30:00: Balanced after 2 trials
   
   374:00:00: Balanced after 2 trials
   
   374:30:00: Balanced after 2 trials
   
   375:00:00: Balanced after 2 trials
   
   375:30:00: Balanced after 2 trials
   
   376:00:00: Balanced after 2 trials
   
   376:30:00: Balanced after 2 trials
   
   377:00:00: Balanced after 2 trials
   
   377:30:00: Balanced after 2 trials
   
   378:00:00: Balanced after 2 trials
   
   378:18:15: Pump 9 changed by Tank 2 control
   378:18:15: Balanced after 11 trials
   378:18:15: Reservoir 9 is emptying
   378:18:15: Tank 2 is filling at 33.53 m
   378:18:15: Pump 9 changed from closed to open
   
   378:30:00: Balanced after 2 trials
   
   379:00:00: Balanced after 2 trials
   
   379:22:19: Pump 9 changed by Tank 2 control
   379:22:19: Balanced after 4 trials
   379:22:19: Reservoir 9 is closed
   379:22:19: Tank 2 is emptying at 42.67 m
   379:22:19: Pump 9 changed from open to closed
   
   379:30:00: Balanced after 2 trials
   
   380:00:00: Balanced after 2 trials
   
   380:30:00: Balanced after 2 trials
   
   381:00:00: Balanced after 2 trials
   
   381:30:00: Balanced after 2 trials
   
   382:00:00: Balanced after 2 trials
   
   382:30:00: Balanced after 2 trials
   
   383:00:00: Balanced after 2 trials
   
   383:30:00: Balanced after 2 trials
   
   384:00:00: Balanced after 2 trials
   
   384:30:00: Balanced after 2 trials
   
   385:00:00: Balanced after 2 trials
   
   385:30:00: Balanced after 2 trials
   
   386:00:00: Balanced after 2 trials
   
   386:30:00: Balanced after 2 trials
   
   387:00:00: Balanced after 2 trials
   
   387:30:00: Balanced after 2 trials
   
   388:00:00: Balanced after 2 trials
   
   388:20:20: Pump 9 changed by Tank 2 control
   388:20:20: Balanced after 10 trials
   388:20:20: Reservoir 9 is emptying
   388:20:20: Tank 2 is filling at 33.53 m
   388:20:20: Pump 9 changed from closed to open
   
   388:30:00: Balanced after 2 trials
   
   389:00:00: Balanced after 2 trials
   
   389:20:03: Pump 9 changed by Tank 2 control
   389:20:03: Balanced after 4 trials
   389:20:03: Reservoir 9 is closed
   389:20:03: Tank 2 is emptying at 42.67 m
   389:20:03: Pump 9 changed from open to closed
   
   389:30:00: Balanced after 2 trials
   
   390:00:00: Balanced after 2 trials
   
   390:30:00: Balanced after 2 trials
   
   391:00:00: Balanced after 2 trials
   
   391:30:00: Balanced after 2 trials
   
   392:00:00: Balanced after 2 trials
   
   392:30:00: Balanced after 2 trials
   
   393:00:00: Balanced after 2 trials
   
   393:30:00: Balanced after 2 trials
   
   394:00:00: Balanced after 2 trials
   
   394:30:00: Balanced after 2 trials
   
   395:00:00: Balanced after 2 trials
   
   395:29:42: Pump 9 changed by Tank 2 control
   395:29:42: Balanced after 11 trials
   395:29:42: Reservoir 9 is emptying
   395:29:42: Tank 2 is filling at 33.53 m
   395:29:42: Pump 9 changed from closed to open
   
   395:30:00: Balanced after 2 trials
   
   396:00:00: Balanced after 2 trials
   
   396:30:00: Balanced after 2 trials
   
   396:35:09: Pump 9 changed by Tank 2 control
   396:35:09: Balanced after 4 trials
   396:35:09: Reservoir 9 is closed
   396:35:09: Tank 2 is emptying at 42.67 m
   396:35:09: Pump 9 changed from open to closed
   
   397:00:00: Balanced after 2 trials
   
   397:30:00: Balanced after 2 trials
   
   398:00:00: Balanced after 2 trials
   
   398:30:00: Balanced after 2 trials
   
   399:00:00: Balanced after 2 trials
   
   399:30:00: Balanced after 2 trials
   
   400:00:00: Balanced after 2 trials
   
   400:30:00: Balanced after 2 trials
   
   401:00:00: Balanced after 2 trials
   
   401:30:00: Balanced after 2 trials
   
   402:00:00: Balanced after 2 trials
   
   402:30:00: Balanced after 2 trials
   
   402:56:31: Pump 9 changed by Tank 2 control
   402:56:31: Balanced after 14 trials
   402:56:31: Reservoir 9 is emptying
   402:56:31: Tank 2 is filling at 33.53 m
   402:56:31: Pump 9 changed from closed to open
   
   403:00:00: Balanced after 2 trials
   
   403:30:00: Balanced after 2 trials
   
   404:00:00: Balanced after 2 trials
   
   404:00:38: Pump 9 changed by Tank 2 control
   404:00:38: Balanced after 4 trials
   404:00:38: Reservoir 9 is closed
   404:00:38: Tank 2 is emptying at 42.67 m
   404:00:38: Pump 9 changed from open to closed
   
   404:30:00: Balanced after 2 trials
   
   405:00:00: Balanced after 2 trials
   
   405:30:00: Balanced after 2 trials
   
   406:00:00: Balanced after 2 trials
   
   406:30:00: Balanced after 2 trials
   
   407:00:00: Balanced after 2 trials
   
   407:30:00: Balanced after 2 trials
   
   408:00:00: Balanced after 2 trials
   
   408:30:00: Balanced after 2 trials
   
   409:00:00: Balanced after 2 trials
   
   409:30:00: Balanced after 2 trials
   
   410:00:00: Balanced after 2 trials
   
   410:30:00: Balanced after 2 trials
   
   411:00:00: Balanced after 2 trials
   
   411:30:00: Balanced after 2 trials
   
   412:00:00: Balanced after 2 trials
   
   412:30:00: Balanced after 2 trials
   
   413:00:00: Balanced after 2 trials
   
   413:28:32: Pump 9 changed by Tank 2 control
   413:28:32: Balanced after 10 trials
   413:28:32: Reservoir 9 is emptying
   413:28:32: Tank 2 is filling at 33.53 m
   413:28:32: Pump 9 changed from closed to open
   
   413:30:00: Balanced after 2 trials
   
   414:00:00: Balanced after 2 trials
   
   414:29:45: Pump 9 changed by Tank 2 control
   414:29:45: Balanced after 4 trials
   414:29:45: Reservoir 9 is closed
   414:29:45: Tank 2 is emptying at 42.67 m
   414:29:45: Pump 9 changed from open to closed
   
   414:30:00: Balanced after 2 trials
   
   415:00:00: Balanced after 2 trials
   
   415:30:00: Balanced after 2 trials
   
   416:00:00: Balanced after 2 trials
   
   416:30:00: Balanced after 2 trials
   
   417:00:00: Balanced after 2 trials
   
   417:30:00: Balanced after 2 trials
   
   418:00:00: Balanced after 2 trials
   
   418:30:00: Balanced after 2 trials
   
   419:00:00: Balanced after 2 trials
   
   419:30:00: Balanced after 2 trials
   
   420:00:00: Balanced after 2 trials
   
   420:15:48: Pump 9 changed by Tank 2 control
   420:15:48: Balanced after 11 trials
   420:15:48: Reservoir 9 is emptying
   420:15:48: Tank 2 is filling at 33.53 m
   420:15:48: Pump 9 changed from closed to open
   
   420:30:00: Balanced after 2 trials
   
   421:00:00: Balanced after 2 trials
   
   421:20:37: Pump 9 changed by Tank 2 control
   421:20:37: Balanced after 4 trials
   421:20:37: Reservoir 9 is closed
   421:20:37: Tank 2 is emptying at 42.67 m
   421:20:37: Pump 9 changed from open to closed
   
   421:30:00: Balanced after 2 trials
   
   422:00:00: Balanced after 2 trials
   
   422:30:00: Balanced after 2 trials
   
   423:00:00: Balanced after 2 trials
   
   423:30:00: Balanced after 2 trials
   
   424:00:00: Balanced after 2 trials
   
   424:30:00: Balanced after 2 trials
   
   425:00:00: Balanced after 2 trials
   
   425:30:00: Balanced after 2 trials
   
   426:00:00: Balanced after 2 trials
   
   426:30:00: Balanced after 2 trials
   
   427:00:00: Balanced after 2 trials
   
   427:30:00: Balanced after 2 trials
   
   427:47:48: Pump 9 changed by Tank 2 control
   427:47:48: Balanced after 11 trials
   427:47:48: Reservoir 9 is emptying
   427:47:48: Tank 2 is filling at 33.53 m
   427:47:48: Pump 9 changed from closed to open
   
   428:00:00: Balanced after 2 trials
   
   428:30:00: Balanced after 2 trials
   
   428:52:09: Pump 9 changed by Tank 2 control
   428:52:09: Balanced after 4 trials
   428:52:09: Reservoir 9 is closed
   428:52:09: Tank 2 is emptying at 42.67 m
   428:52:09: Pump 9 changed from open to closed
   
   429:00:00: Balanced after 2 trials
   
   429:30:00: Balanced after 2 trials
   
   430:00:00: Balanced after 2 trials
   
   430:30:00: Balanced after 2 trials
   
   431:00:00: Balanced after 2 trials
   
   431:30:00: Balanced after 2 trials
   
   432:00:00: Balanced after 2 trials
   
   432:30:00: Balanced after 2 trials
   
   433:00:00: Balanced after 2 trials
   
   433:30:00: Balanced after 2 trials
   
   434:00:00: Balanced after 2 trials
   
   434:30:00: Balanced after 2 trials
   
   435:00:00: Balanced after 2 trials
   
   435:30:00: Balanced after 2 trials
   
   436:00:00: Balanced after 2 trials
   
   436:30:00: Balanced after 2 trials
   
   437:00:00: Balanced after 2 trials
   
   437:30:00: Balanced after 2 trials
   
   438:00:00: Balanced after 2 trials
   
   438:22:46: Pump 9 changed by Tank 2 control
   438:22:46: Balanced after 30 trials
   438:22:46: Reservoir 9 is emptying
   438:22:46: Tank 2 is filling at 33.53 m
   438:22:46: Pump 9 changed from closed to open
   
   438:30:00: Balanced after 2 trials
   
   439:00:00: Balanced after 2 trials
   
   439:26:26: Pump 9 changed by Tank 2 control
   439:26:26: Balanced after 4 trials
   439:26:26: Reservoir 9 is closed
   439:26:26: Tank 2 is emptying at 42.67 m
   439:26:26: Pump 9 changed from open to closed
   
   439:30:00: Balanced after 2 trials
   
   440:00:00: Balanced after 2 trials
   
   440:30:00: Balanced after 2 trials
   
   441:00:00: Balanced after 2 trials
   
   441:30:00: Balanced after 2 trials
   
   442:00:00: Balanced after 2 trials
   
   442:30:00: Balanced after 2 trials
   
   443:00:00: Balanced after 2 trials
   
   443:30:00: Balanced after 2 trials
   
   444:00:00: Balanced after 2 trials
   
   444:21:02: Pump 9 changed by Tank 2 control
   444:21:02: Balanced after 11 trials
   444:21:02: Reservoir 9 is emptying
   444:21:02: Tank 2 is filling at 33.53 m
   444:21:02: Pump 9 changed from closed to open
   
   444:30:00: Balanced after 2 trials
   
   445:00:00: Balanced after 2 trials
   
   445:26:25: Pump 9 changed by Tank 2 control
   445:26:25: Balanced after 4 trials
   445:26:25: Reservoir 9 is closed
   445:26:25: Tank 2 is emptying at 42.67 m
   445:26:25: Pump 9 changed from open to closed
   
   445:30:00: Balanced after 2 trials
   
   446:00:00: Balanced after 2 trials
   
   446:30:00: Balanced after 2 trials
   
   447:00:00: Balanced after 2 trials
   
   447:30:00: Balanced after 2 trials
   
   448:00:00: Balanced after 2 trials
   
   448:30:00: Balanced after 2 trials
   
   449:00:00: Balanced after 2 trials
   
   449:30:00: Balanced after 2 trials
   
   450:00:00: Balanced after 2 trials
   
   450:30:00: Balanced after 2 trials
   
   451:00:00: Balanced after 2 trials
   
   451:30:00: Balanced after 2 trials
   
   451:40:48: Pump 9 changed by Tank 2 control
   451:40:48: Balanced after 11 trials
   451:40:48: Reservoir 9 is emptying
   451:40:48: Tank 2 is filling at 33.53 m
   451:40:48: Pump 9 changed from closed to open
   
   452:00:00: Balanced after 2 trials
   
   452:30:00: Balanced after 2 trials
   
   452:45:02: Pump 9 changed by Tank 2 control
   452:45:02: Balanced after 4 trials
   452:45:02: Reservoir 9 is closed
   452:45:02: Tank 2 is emptying at 42.67 m
   452:45:02: Pump 9 changed from open to closed
   
   453:00:00: Balanced after 2 trials
   
   453:30:00: Balanced after 2 trials
   
   454:00:00: Balanced after 2 trials
   
   454:30:00: Balanced after 2 trials
   
   455:00:00: Balanced after 2 trials
   
   455:30:00: Balanced after 2 trials
   
   456:00:00: Balanced after 2 trials
   
   456:30:00: Balanced after 2 trials
   
   457:00:00: Balanced after 2 trials
   
   457:30:00: Balanced after 2 trials
   
   458:00:00: Balanced after 2 trials
   
   458:30:00: Balanced after 2 trials
   
   459:00:00: Balanced after 2 trials
   
   459:30:00: Balanced after 2 trials
   
   460:00:00: Balanced after 2 trials
   
   460:30:00: Balanced after 2 trials
   
   461:00:00: Balanced after 2 trials
   
   461:30:00: Balanced after 2 trials
   
   462:00:00: Balanced after 2 trials
   
   462:30:00: Balanced after 2 trials
   
   462:35:53: Pump 9 changed by Tank 2 control
   462:35:53: Balanced after 11 trials
   462:35:53: Reservoir 9 is emptying
   462:35:53: Tank 2 is filling at 33.53 m
   462:35:53: Pump 9 changed from closed to open
   
   463:00:00: Balanced after 2 trials
   
   463:30:00: Balanced after 2 trials
   
   463:37:35: Pump 9 changed by Tank 2 control
   463:37:35: Balanced after 4 trials
   463:37:35: Reservoir 9 is closed
   463:37:35: Tank 2 is emptying at 42.67 m
   463:37:35: Pump 9 changed from open to closed
   
   464:00:00: Balanced after 2 trials
   
   464:30:00: Balanced after 2 trials
   
   465:00:00: Balanced after 2 trials
   
   465:30:00: Balanced after 2 trials
   
   466:00:00: Balanced after 2 trials
   
   466:30:00: Balanced after 2 trials
   
   467:00:00: Balanced after 2 trials
   
   467:30:00: Balanced after 2 trials
   
   468:00:00: Balanced after 2 trials
   
   468:30:00: Balanced after 2 trials
   
   469:00:00: Balanced after 2 trials
   
   469:28:03: Pump 9 changed by Tank 2 control
   469:28:03: Balanced after 11 trials
   469:28:03: Reservoir 9 is emptying
   469:28:03: Tank 2 is filling at 33.53 m
   469:28:03: Pump 9 changed from closed to open
   
   469:30:00: Balanced after 2 trials
   
   470:00:00: Balanced after 2 trials
   
   470:30:00: Balanced after 2 trials
   
   470:32:29: Pump 9 changed by Tank 2 control
   470:32:29: Balanced after 4 trials
   470:32:29: Reservoir 9 is closed
   470:32:29: Tank 2 is emptying at 42.67 m
   470:32:29: Pump 9 changed from open to closed
   
   471:00:00: Balanced after 2 trials
   
   471:30:00: Balanced after 2 trials
   
   472:00:00: Balanced after 2 trials
   
   472:30:00: Balanced after 2 trials
   
   473:00:00: Balanced after 2 trials
   
   473:30:00: Balanced after 2 trials
   
   474:00:00: Balanced after 2 trials
   
   474:30:00: Balanced after 2 trials
   
   475:00:00: Balanced after 2 trials
   
   475:30:00: Balanced after 2 trials
   
   476:00:00: Balanced after 2 trials
   
   476:30:00: Balanced after 2 trials
   
   476:51:26: Pump 9 changed by Tank 2 control
   476:51:26: Balanced after 29 trials
   476:51:26: Reservoir 9 is emptying
   476:51:26: Tank 2 is filling at 33.53 m
   476:51:26: Pump 9 changed from closed to open
   
   477:00:00: Balanced after 2 trials
   
   477:30:00: Balanced after 2 trials
   
   477:53:57: Pump 9 changed by Tank 2 control
   477:53:57: Balanced after 4 trials
   477:53:57: Reservoir 9 is closed
   477:53:57: Tank 2 is emptying at 42.67 m
   477:53:57: Pump 9 changed from open to closed
   
   478:00:00: Balanced after 2 trials
   
   478:30:00: Balanced after 2 trials
   
   479:00:00: Balanced after 2 trials
   
   479:30:00: Balanced after 2 trials
   
   480:00:00: Balanced after 2 trials
   
   480:30:00: Balanced after 2 trials
   
   481:00:00: Balanced after 2 trials
   
   481:30:00: Balanced after 2 trials
   
   482:00:00: Balanced after 2 trials
   
   482:30:00: Balanced after 2 trials
   
   483:00:00: Balanced after 2 trials
   
   483:30:00: Balanced after 2 trials
   
   484:00:00: Balanced after 2 trials
   
   484:30:00: Balanced after 2 trials
   
   485:00:00: Balanced after 2 trials
   
   485:30:00: Balanced after 2 trials
   
   486:00:00: Balanced after 2 trials
   
   486:30:00: Balanced after 2 trials
   
   487:00:00: Balanced after 2 trials
   
   487:30:00: Balanced after 2 trials
   
   488:00:00: Balanced after 2 trials
   
   488:30:00: Balanced after 2 trials
   
   488:52:41: Pump 9 changed by Tank 2 control
   488:52:41: Balanced after 14 trials
   488:52:41: Reservoir 9 is emptying
   488:52:41: Tank 2 is filling at 33.53 m
   488:52:41: Pump 9 changed from closed to open
   
   489:00:00: Balanced after 2 trials
   
   489:30:00: Balanced after 2 trials
   
   489:56:04: Pump 9 changed by Tank 2 control
   489:56:04: Balanced after 4 trials
   489:56:04: Reservoir 9 is closed
   489:56:04: Tank 2 is emptying at 42.67 m
   489:56:04: Pump 9 changed from open to closed
   
   490:00:00: Balanced after 2 trials
   
   490:30:00: Balanced after 2 trials
   
   491:00:00: Balanced after 2 trials
   
   491:30:00: Balanced after 2 trials
   
   492:00:00: Balanced after 2 trials
   
   492:30:00: Balanced after 2 trials
   
   493:00:00: Balanced after 2 trials
   
   493:30:00: Balanced after 2 trials
   
   494:00:00: Balanced after 2 trials
   
   494:30:00: Balanced after 2 trials
   
   495:00:00: Balanced after 2 trials
   
   495:30:00: Balanced after 2 trials
   
   496:00:00: Balanced after 2 trials
   
   496:14:37: Pump 9 changed by Tank 2 control
   496:14:37: Balanced after 31 trials
   496:14:37: Reservoir 9 is emptying
   496:14:37: Tank 2 is filling at 33.53 m
   496:14:37: Pump 9 changed from closed to open
   
   496:30:00: Balanced after 2 trials
   
   497:00:00: Balanced after 2 trials
   
   497:17:49: Pump 9 changed by Tank 2 control
   497:17:49: Balanced after 4 trials
   497:17:49: Reservoir 9 is closed
   497:17:49: Tank 2 is emptying at 42.67 m
   497:17:49: Pump 9 changed from open to closed
   
   497:30:00: Balanced after 2 trials
   
   498:00:00: Balanced after 2 trials
   
   498:30:00: Balanced after 2 trials
   
   499:00:00: Balanced after 2 trials
   
   499:30:00: Balanced after 2 trials
   
   500:00:00: Balanced after 2 trials
   
   500:30:00: Balanced after 2 trials
   
   501:00:00: Balanced after 2 trials
   
   501:30:00: Balanced after 2 trials
   
   502:00:00: Balanced after 2 trials
   
   502:30:00: Balanced after 2 trials
   
   503:00:00: Balanced after 2 trials
   
   503:30:00: Balanced after 2 trials
   
   504:00:00: Balanced after 2 trials
   
  Hydraulic Flow Balance (m3/h)
  ================================
  Total Inflow:           228.607
  Consumer Demand:        229.551
  Demand Deficit:           0.000
  Emitter Flow:             0.000
  Leakage Flow:             0.000
  Total Outflow:          229.551
  Storage Flow:            -0.944
  Flow Ratio:               1.000
  ================================

  Water Quality Mass Balance (mg)
  ================================
  Initial Mass:       7.46727e+06
  Mass Inflow:        1.15219e+08
  Mass Outflow:       3.41941e+07
  Mass Reacted:       8.55448e+07
  Final Mass:         2.94776e+06
  Mass Ratio:         1.00000
  Total Segments:     121
  ================================

  Analysis ended Wed Apr 22 14:47:46 2026
